Subnegotiation: ENVIRON %01%03
Environ: SEND
  USERVAR: ""
