Subnegotiation: ENVIRON %01%00FOO%03BAR
Environ: SEND
  VAR: "FOO"
  USERVAR: "BAR"
Subnegotiation: ENVIRON %01
Environ: SEND
