Subnegotiation: ENVIRON %01%00FO%02%02O%03B%02%01AR
Environ: SEND
  VAR: "FOO"
  USERVAR: "BAR"
