Send: %FF%FC%C9
Subnegotiation: GMCP Core.Hello {}
