Subnegotiation: MSSP 
Subnegotiation: MSSP %01FOO%02BAR
MSSP:
  VAR: "FOO" = "BAR"
Subnegotiation: MSSP %01FOO%02BAR%02BAZ
MSSP:
  VAR: "FOO" = "BAR"
  VAR: "FOO" = "BAZ"
Subnegotiation: MSSP %01FOO%01BAR%01BAZ
MSSP:
Subnegotiation: MSSP %01FOO%02BAR%01BAZ
MSSP:
  VAR: "FOO" = "BAR"
