Subnegotiation: TTYPE %01
TType: SEND 
Subnegotiation: TTYPE %00xterm
TType: IS xterm
Subnegotiation: TTYPE %00
TType: IS 
Subnegotiation: TTYPE %01xterm
TType: SEND 
