Subnegotiation: ZMP zmp.test%00one%00two%00
ZMP: zmp.test,one,two
