Subnegotiation: ZMP bad
Error: WARNING OK incomplete ZMP frame
